// Jest Snapshot v1, https://goo.gl/fbAQLP

exports[`DemoExplainerSheet Snapshot Tests matches snapshot with default props 1`] = `
<View
  style={
    [
      {
        "flex": 1,
        "padding": 20,
      },
      {
        "backgroundColor": "#FFFFFF",
      },
    ]
  }
>
  <View
    testID="header"
  >
    <Text>
      You're in Demo Mode
    </Text>
    <Text>
      Simulated content — no live API calls
    </Text>
    <View
      accessibilityState={
        {
          "busy": undefined,
          "checked": undefined,
          "disabled": undefined,
          "expanded": undefined,
          "selected": undefined,
        }
      }
      accessibilityValue={
        {
          "max": undefined,
          "min": undefined,
          "now": undefined,
          "text": undefined,
        }
      }
      accessible={true}
      collapsable={false}
      focusable={true}
      onClick={[Function]}
      onResponderGrant={[Function]}
      onResponderMove={[Function]}
      onResponderRelease={[Function]}
      onResponderTerminate={[Function]}
      onResponderTerminationRequest={[Function]}
      onStartShouldSetResponder={[Function]}
      style={
        {
          "opacity": 1,
        }
      }
      testID="header-back-button"
    >
      <Text>
        Back
      </Text>
    </View>
  </View>
  <RCTScrollView
    contentContainerStyle={
      {
        "padding": 20,
      }
    }
    showsVerticalScrollIndicator={false}
  >
    <View>
      <Text>
        Explore pre‑recorded chats, debates, and comparisons that mimic live streaming. To use real providers with your own keys and unlock all features, start a free 7‑day trial.
      </Text>
      <View
        testID="unlock-everything-banner"
      >
        <Text>
          Unlock Everything
        </Text>
      </View>
      <View
        accessibilityState={
          {
            "busy": undefined,
            "checked": undefined,
            "disabled": undefined,
            "expanded": undefined,
            "selected": undefined,
          }
        }
        accessibilityValue={
          {
            "max": undefined,
            "min": undefined,
            "now": undefined,
            "text": undefined,
          }
        }
        accessible={true}
        collapsable={false}
        focusable={true}
        onClick={[Function]}
        onResponderGrant={[Function]}
        onResponderMove={[Function]}
        onResponderRelease={[Function]}
        onResponderTerminate={[Function]}
        onResponderTerminationRequest={[Function]}
        onStartShouldSetResponder={[Function]}
        style={
          {
            "opacity": 1,
          }
        }
        testID="gradient-button"
      >
        <Text>
          Start 7‑Day Free Trial
        </Text>
      </View>
      <View
        accessibilityState={
          {
            "busy": undefined,
            "checked": undefined,
            "disabled": undefined,
            "expanded": undefined,
            "selected": undefined,
          }
        }
        accessibilityValue={
          {
            "max": undefined,
            "min": undefined,
            "now": undefined,
            "text": undefined,
          }
        }
        accessible={true}
        collapsable={false}
        focusable={true}
        onClick={[Function]}
        onResponderGrant={[Function]}
        onResponderMove={[Function]}
        onResponderRelease={[Function]}
        onResponderTerminate={[Function]}
        onResponderTerminationRequest={[Function]}
        onStartShouldSetResponder={[Function]}
        style={
          {
            "opacity": 1,
          }
        }
        testID="button"
      >
        <Text>
          Maybe later
        </Text>
      </View>
    </View>
  </RCTScrollView>
</View>
`;
